// Jest Snapshot v1, https://goo.gl/fbAQLP

exports[`Dragonfly should render snapshots 1`] = `
<div
  className="dragonfly-root"
>
  <div
    className="demo-container"
  >
    <div
      className="MuiPaper-root-17 MuiPaper-elevation4-23 MuiPaper-rounded-18 full-paper"
    >
      <h3
        className="MuiTypography-root-44 MuiTypography-headline-49"
      >
        Plugins
      </h3>
      <nav
        className="MuiList-root-80 MuiList-padding-81 plugins-list"
      >
        <div
          className="MuiButtonBase-root-96 MuiListItem-root-84 MuiListItem-default-87 MuiListItem-gutters-92 MuiListItem-button-93"
          onBlur={[Function]}
          onClick={[Function]}
          onContextMenu={[Function]}
          onFocus={[Function]}
          onKeyDown={[Function]}
          onKeyUp={[Function]}
          onMouseDown={[Function]}
          onMouseLeave={[Function]}
          onMouseUp={[Function]}
          onTouchEnd={[Function]}
          onTouchMove={[Function]}
          onTouchStart={[Function]}
          role="button"
          tabIndex="0"
        >
          <div
            className="MuiListItemIcon-root-99"
          >
            <svg
              aria-hidden="true"
              className="MuiSvgIcon-root-100"
              focusable="false"
              role="presentation"
              viewBox="0 0 24 24"
            >
              <path
                d="M12 2C6.48 2 2 6.48 2 12s4.48 10 10 10 10-4.48 10-10S17.52 2 12 2zm1.41 16.09V20h-2.67v-1.93c-1.71-.36-3.16-1.46-3.27-3.4h1.96c.1 1.05.82 1.87 2.65 1.87 1.96 0 2.4-.98 2.4-1.59 0-.83-.44-1.61-2.67-2.14-2.48-.6-4.18-1.62-4.18-3.67 0-1.72 1.39-2.84 3.11-3.21V4h2.67v1.95c1.86.45 2.79 1.86 2.85 3.39H14.3c-.05-1.11-.64-1.87-2.22-1.87-1.5 0-2.4.68-2.4 1.64 0 .84.65 1.39 2.67 1.91s4.18 1.39 4.18 3.91c-.01 1.83-1.38 2.83-3.12 3.16z"
              />
              <path
                d="M0 0h24v24H0z"
                fill="none"
              />
            </svg>
          </div>
          <div
            className="MuiListItemText-root-109"
          >
            <span
              className="MuiTypography-root-44 MuiTypography-subheading-51 MuiListItemText-primary-112"
            >
              cryptoPoller
            </span>
          </div>
          <span
            className="MuiTouchRipple-root-115"
          />
        </div>
        <div
          className="MuiButtonBase-root-96 MuiListItem-root-84 MuiListItem-default-87 MuiListItem-gutters-92 MuiListItem-button-93"
          onBlur={[Function]}
          onClick={[Function]}
          onContextMenu={[Function]}
          onFocus={[Function]}
          onKeyDown={[Function]}
          onKeyUp={[Function]}
          onMouseDown={[Function]}
          onMouseLeave={[Function]}
          onMouseUp={[Function]}
          onTouchEnd={[Function]}
          onTouchMove={[Function]}
          onTouchStart={[Function]}
          role="button"
          tabIndex="0"
        >
          <div
            className="MuiListItemIcon-root-99"
          >
            <svg
              aria-hidden="true"
              className="MuiSvgIcon-root-100"
              focusable="false"
              role="presentation"
              viewBox="0 0 24 24"
            >
              <path
                d="M3.5 18.49l6-6.01 4 4L22 6.92l-1.41-1.41-7.09 7.97-4-4L2 16.99z"
              />
              <path
                d="M0 0h24v24H0z"
                fill="none"
              />
            </svg>
          </div>
          <div
            className="MuiListItemText-root-109"
          >
            <span
              className="MuiTypography-root-44 MuiTypography-subheading-51 MuiListItemText-primary-112"
            >
              customEntry
            </span>
          </div>
          <span
            className="MuiTouchRipple-root-115"
          />
        </div>
        <div
          className="MuiButtonBase-root-96 MuiListItem-root-84 MuiListItem-default-87 MuiListItem-gutters-92 MuiListItem-button-93"
          onBlur={[Function]}
          onClick={[Function]}
          onContextMenu={[Function]}
          onFocus={[Function]}
          onKeyDown={[Function]}
          onKeyUp={[Function]}
          onMouseDown={[Function]}
          onMouseLeave={[Function]}
          onMouseUp={[Function]}
          onTouchEnd={[Function]}
          onTouchMove={[Function]}
          onTouchStart={[Function]}
          role="button"
          tabIndex="0"
        >
          <div
            className="MuiListItemIcon-root-99"
          >
            <svg
              aria-hidden="true"
              className="MuiSvgIcon-root-100"
              focusable="false"
              role="presentation"
              viewBox="0 0 24 24"
            >
              <path
                d="M22 11h-4.17l3.24-3.24-1.41-1.42L15 11h-2V9l4.66-4.66-1.42-1.41L13 6.17V2h-2v4.17L7.76 2.93 6.34 4.34 11 9v2H9L4.34 6.34 2.93 7.76 6.17 11H2v2h4.17l-3.24 3.24 1.41 1.42L9 13h2v2l-4.66 4.66 1.42 1.41L11 17.83V22h2v-4.17l3.24 3.24 1.42-1.41L13 15v-2h2l4.66 4.66 1.41-1.42L17.83 13H22z"
              />
              <path
                d="M0 0h24v24H0z"
                fill="none"
              />
            </svg>
          </div>
          <div
            className="MuiListItemText-root-109"
          >
            <span
              className="MuiTypography-root-44 MuiTypography-subheading-51 MuiListItemText-primary-112"
            >
              gpioPoller
            </span>
          </div>
          <span
            className="MuiTouchRipple-root-115"
          />
        </div>
        <div
          className="MuiButtonBase-root-96 MuiListItem-root-84 MuiListItem-default-87 MuiListItem-gutters-92 MuiListItem-button-93"
          onBlur={[Function]}
          onClick={[Function]}
          onContextMenu={[Function]}
          onFocus={[Function]}
          onKeyDown={[Function]}
          onKeyUp={[Function]}
          onMouseDown={[Function]}
          onMouseLeave={[Function]}
          onMouseUp={[Function]}
          onTouchEnd={[Function]}
          onTouchMove={[Function]}
          onTouchStart={[Function]}
          role="button"
          tabIndex="0"
        >
          <div
            className="MuiListItemIcon-root-99"
          >
            <svg
              aria-hidden="true"
              className="MuiSvgIcon-root-100"
              focusable="false"
              role="presentation"
              viewBox="0 0 24 24"
            >
              <path
                d="M3.5 18.49l6-6.01 4 4L22 6.92l-1.41-1.41-7.09 7.97-4-4L2 16.99z"
              />
              <path
                d="M0 0h24v24H0z"
                fill="none"
              />
            </svg>
          </div>
          <div
            className="MuiListItemText-root-109"
          >
            <span
              className="MuiTypography-root-44 MuiTypography-subheading-51 MuiListItemText-primary-112"
            >
              BMP180Poller
            </span>
          </div>
          <span
            className="MuiTouchRipple-root-115"
          />
        </div>
        <div
          className="MuiButtonBase-root-96 MuiListItem-root-84 MuiListItem-default-87 MuiListItem-gutters-92 MuiListItem-button-93"
          onBlur={[Function]}
          onClick={[Function]}
          onContextMenu={[Function]}
          onFocus={[Function]}
          onKeyDown={[Function]}
          onKeyUp={[Function]}
          onMouseDown={[Function]}
          onMouseLeave={[Function]}
          onMouseUp={[Function]}
          onTouchEnd={[Function]}
          onTouchMove={[Function]}
          onTouchStart={[Function]}
          role="button"
          tabIndex="0"
        >
          <div
            className="MuiListItemIcon-root-99"
          >
            <svg
              aria-hidden="true"
              className="MuiSvgIcon-root-100"
              focusable="false"
              role="presentation"
              viewBox="0 0 24 24"
            >
              <path
                d="M3.5 18.49l6-6.01 4 4L22 6.92l-1.41-1.41-7.09 7.97-4-4L2 16.99z"
              />
              <path
                d="M0 0h24v24H0z"
                fill="none"
              />
            </svg>
          </div>
          <div
            className="MuiListItemText-root-109"
          >
            <span
              className="MuiTypography-root-44 MuiTypography-subheading-51 MuiListItemText-primary-112"
            >
              DHT11Poller
            </span>
          </div>
          <span
            className="MuiTouchRipple-root-115"
          />
        </div>
      </nav>
    </div>
  </div>
  <div
    onClick={[Function]}
    onKeyPress={[Function]}
    role="button"
    tabIndex={0}
  >
    <img
      alt="Home screen of Dragonfly"
      className="image"
      id="dragonfly-image"
      src="/screenshots/home.webp"
    />
  </div>
  <p
    className="description-container"
  >
    Dragonfly is all purpose sensor poller designed to be an easy interface for using raspberry pis. You can see in the picture on the right an example of what dragonfly would look like with multiple sensors hooked up. Upon hooking up a sensor to a raspberry pi, the user can then link a poller to it and add polling details like poll rate, coefficients, a station name and description. If the user has many pis running at the same time, multiple dragonfly instances can be linked to each other or forward all of their data to a central server. Once a sensor has been hooked up, actions can then be added to to the poller like sending an email or slack or turning on another sensor
    <br />
    The example above allows you to see some of the plugins available. The only one functioning is the cryptopoller. In the metadata field, you can add the name of your favorite cryptocurrency and it will respond with its current price in US dollars.
  </p>
</div>
`;
